---
source: tui/src/history_cell/startup_mascot_tests.rs
assertion_line: 57
expression: rendered
---
Ant01 Rest
  ▀▄     ▄▀
   ▄▀▄▄▄▀▄
 ▄█▀▀███▀▀█▄
 ▀▀▄▄▀▀▀▄▄▀▀
  ▄█▀   ▀█▄
 ▀▀       ▀▀

Ant01 AntennaeWide
 ▀▄       ▄▀
   ▀▄▄▄▄▄▀
 ▄█▀▀███▀▀█▄
 ▀▀▄▄▀▀▀▄▄▀▀
  ▄█▀   ▀█▄
 ▀▀       ▀▀

Ant01 Blink
  ▀▄     ▄▀
   ▄▀▄▄▄▀▄
 ▄█▀▀███▀▀█▄
 ▀▀▄▄▀▀▀▄▄▀▀
  ▄█▀   ▀█▄
 ▀▀       ▀▀

Ant03 Rest
 ▀▄       ▄▀
  ▄▀█████▀▄
▄█▀▀█████▀▀█▄
▀▀▄▄▀▀▀▀▀▄▄▀▀
  ██  ▄  ██
   ▀▀▀ ▀▀▀

Ant03 AntennaeWide
  ▀▄     ▄▀
  ▄▀█████▀▄
▄█▀▀█████▀▀█▄
▀▀▄▄▀▀▀▀▀▄▄▀▀
  ██  ▄  ██
   ▀▀▀ ▀▀▀

Ant03 Blink
 ▀▄       ▄▀
  ▄▀█████▀▄
▄█▀▀█████▀▀█▄
▀▀▄▄▀▀▀▀▀▄▄▀▀
  ██  ▄  ██
   ▀▀▀ ▀▀▀
